// Jest Snapshot v1, https://goo.gl/fbAQLP

exports[`should render EditExpensepage correctly 1`] = `
<div>
  <ExpenseForm
    expense={
      Object {
        "amount": 10,
        "createdAt": 0,
        "description": "Gum",
        "id": "123",
        "note": "new note",
      }
    }
    onSubmit={[Function]}
  />
  <button
    onClick={[Function]}
  >
    Remove
  </button>
</div>
`;
