// Jest Snapshot v1, https://goo.gl/fbAQLP

exports[`should render ExpenseListItem correctly 1`] = `
<div>
  <Link
    replace={false}
    to="/edit/123"
  >
    <p>
      Gum
    </p>
  </Link>
  <p>
    Amount : 
    10
     created at :
    0
  </p>
</div>
`;
