// Jest Snapshot v1, https://goo.gl/fbAQLP

exports[`should render ExpenseList with expenses 1`] = `
<div>
  <ExpenseListItem
    amount={10}
    createdAt={0}
    description="Gum"
    id="123"
    key="123"
    note="new note"
  />
  <ExpenseListItem
    amount={100}
    createdAt={1000}
    description="Rent"
    id="2"
    key="2"
    note="last rent for that apt"
  />
  <ExpenseListItem
    amount={300}
    createdAt={-1000}
    description="Coffee"
    id="3"
    key="3"
    note="bit higher"
  />
</div>
`;

exports[`should render ExpenseList with no expenses 1`] = `
<div>
  <p>
    No Expenses
  </p>
</div>
`;
